// Jest Snapshot v1, https://goo.gl/fbAQLP

exports[`Component: Button ui 1`] = `
.c0 {
  border: none;
  background-color: #36464e;
  width: 100%;
  color: #fff;
  font-size: 1.3rem;
  font-weight: 300;
  padding: 0.6em 1.2em;
  border-radius: 3px;
  cursor: pointer;
  white-space: nowrap;
}

<div>
  <button
    class="c0"
    type="button"
  />
</div>
`;
